// Vitest Snapshot v1, https://vitest.dev/guide/snapshot.html

exports[`Test Helper Link popup > Tests if the popup is rendered correctly 1`] = `
<DocumentFragment>
  <div
    class="new__container"
  >
    <div
      class="container"
    >
      <div
        class="popup"
      >
        <div
          class="header"
        >
          <span
            style="margin-left: 5px;"
          >
            New helper link
          </span>
          <svg
            aria-hidden="true"
            class="MuiSvgIcon-root MuiSvgIcon-fontSizeMedium css-1umw9bq-MuiSvgIcon-root"
            data-testid="CloseOutlinedIcon"
            focusable="false"
            style="color: rgb(152, 162, 179); font-size: 20px; cursor: pointer;"
            viewBox="0 0 24 24"
          >
            <path
              d="M19 6.41 17.59 5 12 10.59 6.41 5 5 6.41 10.59 12 5 17.59 6.41 19 12 13.41 17.59 19 19 17.59 13.41 12z"
            />
          </svg>
        </div>
        <div
          class="content"
        >
          <div
            class="buttons"
          >
            <button
              class="menuButton active"
            >
              Content
            </button>
            <button
              class="menuButton"
            >
              Appearance
            </button>
          </div>
          <div
            class="leftRightContent"
          >
            <div
              class="body__links"
            >
              <h3
                class="body__title"
              >
                Link items
              </h3>
              <div
                data-testid="cards"
                id="cards"
              >
                <ul
                  class="MuiList-root MuiList-padding card__container css-b7dj7n-MuiList-root"
                >
                  <button
                    class="MuiTypography-root MuiTypography-inherit MuiLink-root MuiLink-underlineHover MuiLink-button css-1oxqwfb-MuiTypography-root-MuiLink-root"
                    style="margin: 0px 0px 0px 1.4rem;"
                  >
                    + Add new link
                  </button>
                </ul>
              </div>
            </div>
            <div
              class="preview"
              data-testid="preview"
            >
              <h2
                class="preview__title"
              >
                Preview
              </h2>
              <div
                class="preview__card"
              >
                <div
                  class="preview__card--header"
                  style="background-color: rgb(248, 249, 248);"
                >
                  <svg
                    aria-hidden="true"
                    class="MuiSvgIcon-root MuiSvgIcon-fontSizeMedium css-1umw9bq-MuiSvgIcon-root"
                    data-testid="SupportIcon"
                    focusable="false"
                    style="color: rgb(102, 112, 133); font-size: 24px;"
                    viewBox="0 0 24 24"
                  >
                    <path
                      d="M12 2C6.48 2 2 6.48 2 12s4.48 10 10 10 10-4.48 10-10S17.52 2 12 2m7.46 7.12-2.78 1.15c-.51-1.36-1.58-2.44-2.95-2.94l1.15-2.78c2.1.8 3.77 2.47 4.58 4.57M12 15c-1.66 0-3-1.34-3-3s1.34-3 3-3 3 1.34 3 3-1.34 3-3 3M9.13 4.54l1.17 2.78c-1.38.5-2.47 1.59-2.98 2.97L4.54 9.13c.81-2.11 2.48-3.78 4.59-4.59M4.54 14.87l2.78-1.15c.51 1.38 1.59 2.46 2.97 2.96l-1.17 2.78c-2.1-.81-3.77-2.48-4.58-4.59m10.34 4.59-1.15-2.78c1.37-.51 2.45-1.59 2.95-2.97l2.78 1.17c-.81 2.1-2.48 3.77-4.58 4.58"
                    />
                  </svg>
                   
                  <span
                    class="preview__card--title"
                  />
                  <svg
                    aria-hidden="true"
                    class="MuiSvgIcon-root MuiSvgIcon-fontSizeMedium css-1umw9bq-MuiSvgIcon-root"
                    data-testid="CloseRoundedIcon"
                    focusable="false"
                    style="color: rgb(152, 162, 179); font-size: 20px;"
                    viewBox="0 0 24 24"
                  >
                    <path
                      d="M18.3 5.71a.996.996 0 0 0-1.41 0L12 10.59 7.11 5.7a.996.996 0 0 0-1.41 0c-.39.39-.39 1.02 0 1.41L10.59 12 5.7 16.89c-.39.39-.39 1.02 0 1.41s1.02.39 1.41 0L12 13.41l4.89 4.89c.39.39 1.02.39 1.41 0s.39-1.02 0-1.41L13.41 12l4.89-4.89c.38-.38.38-1.02 0-1.4"
                    />
                  </svg>
                </div>
                <ul
                  class="preview__card--links"
                />
                <p
                  class="preview__card--footer"
                >
                  Powered by BlueWave Onboarding
                </p>
              </div>
            </div>
          </div>
          <div
            class="optionButtons"
          >
            <button
              class="MuiButtonBase-root MuiButton-root MuiButton-contained MuiButton-containedPrimary MuiButton-sizeMedium MuiButton-containedSizeMedium MuiButton-colorPrimary MuiButton-root MuiButton-contained MuiButton-containedPrimary MuiButton-sizeMedium MuiButton-containedSizeMedium MuiButton-colorPrimary button secondary-grey css-1abvrni-MuiButtonBase-root-MuiButton-root"
              tabindex="0"
              type="button"
            >
              Cancel
            </button>
            <button
              class="MuiButtonBase-root MuiButton-root MuiButton-contained MuiButton-containedPrimary MuiButton-sizeMedium MuiButton-containedSizeMedium MuiButton-colorPrimary MuiButton-root MuiButton-contained MuiButton-containedPrimary MuiButton-sizeMedium MuiButton-containedSizeMedium MuiButton-colorPrimary button primary css-1abvrni-MuiButtonBase-root-MuiButton-root"
              tabindex="0"
              type="button"
            >
              Save
            </button>
          </div>
        </div>
      </div>
    </div>
  </div>
</DocumentFragment>
`;
